C:\Users\Harsh\Documents\GitHub\PES_Assignment_6\BreakfastSerial\CMSIS/core_cm0plus.h:745:22:NVIC_EnableIRQ	16	static
C:\Users\Harsh\Documents\GitHub\PES_Assignment_6\BreakfastSerial\CMSIS/core_cm0plus.h:791:22:NVIC_ClearPendingIRQ	16	static
C:\Users\Harsh\Documents\GitHub\PES_Assignment_6\BreakfastSerial\CMSIS/core_cm0plus.h:804:22:NVIC_SetPriority	24	static
../source/uart.c:32:6:Init_UART0	32	static
../source/uart.c:95:6:UART0_IRQHandler	16	static
c:\nxp\mcuxpressoide_11.6.0_8187\ide\plugins\com.nxp.mcuxpresso.tools.win32_11.6.0.202112161359\tools\redlib\include\sys\libconfig-arm.h:247:5:__sys_write	32	static
c:\nxp\mcuxpressoide_11.6.0_8187\ide\plugins\com.nxp.mcuxpresso.tools.win32_11.6.0.202112161359\tools\redlib\include\sys\libconfig-arm.h:241:5:__sys_readc	8	static
